
> lms-app@0.1.0 build
> next build

node.exe : ÔÜá Warning: 
Next.js inferred your 
workspace root, but it may 
not be correct.
At line:1 char:1
+ & "C:\Program 
Files\nodejs/node.exe" 
"C:\Program 
Files\nodejs/node_mo ...
+ ~~~~~~~~~~~~~~~~~~~~~~~~~~~
~~~~~~~~~~~~~~~~~~~~~~~~~~~~~
~~~~~~~~~~~~~
    + CategoryInfo           
   : NotSpecified: (ÔÜá War  
  ning: Ne...not be correc   
 t.:String) [], RemoteExc    
eption
    + FullyQualifiedErrorId  
   : NativeCommandError
 
 We detected multiple 
lockfiles and selected the 
directory of C:\Users\cuong\p
ackage-lock.json as the root 
directory.
 To silence this warning, 
set `turbopack.root` in your 
Next.js config, or consider 
removing one of the 
lockfiles if it's not needed.
   See https://nextjs.org/doc
s/app/api-reference/config/ne
xt-config-js/turbopack#root-d
irectory for more 
information.
 Detected additional 
lockfiles: 
   * C:\Users\cuong\Jaxtina 
LMS\package-lock.json

Ôû▓ Next.js 16.2.0 (Turbopack)
- Environments: .env.local

ÔÜá The "middleware" file 
convention is deprecated. 
Please use "proxy" instead. 
Learn more: https://nextjs.or
g/docs/messages/middleware-to
-proxy
  Creating an optimized production build ...

> Build error occurred
Error: Turbopack build 
failed with 4 errors:
./Jaxtina 
LMS/src/app/(learner)
You cannot have two parallel 
pages that resolve to the 
same path. Please check 
/(admin)/dashboard and 
/(learner).

./Jaxtina 
LMS/src/app/(teacher)
You cannot have two parallel 
pages that resolve to the 
same path. Please check 
/(learner)/dashboard and 
/(teacher).

./Jaxtina 
LMS/src/app/dashboard
You cannot have two parallel 
pages that resolve to the 
same path. Please check 
/(teacher)/dashboard and 
/dashboard.

./Jaxtina LMS/src/app/(teache
r)/courses/new/page.tsx:6:1
Module not found: Can't 
resolve '../actions'
  [90m4 |[0m 
[36mimport[0m { 
[33mLabel[0m } 
[36mfrom[0m [32m"@/compone
nts/ui/label"[0m;
  [90m5 |[0m 
[36mimport[0m { 
[33mTextarea[0m } 
[36mfrom[0m [32m"@/compone
nts/ui/textarea"[0m;
[31m[1m>[0m [90m6 |[0m 
[36mimport[0m { 
createCourse } [36mfrom[0m 
[32m"../actions"[0m;
  [90m  |[0m [31m[1m^^^^^
^^^^^^^^^^^^^^^^^^^^^^^^^^^^^
^^^^^^^^[0m
  [90m7 |[0m 
[36mimport[0m { 
[33mChevronLeft[0m, 
[33mPlusCircle[0m, 
[33mCheckCircle2[0m } 
[36mfrom[0m 
[32m"lucide-react"[0m;
  [90m8 |[0m 
[36mimport[0m 
[33mLink[0m [36mfrom[0m 
[32m"next/link"[0m;
  [90m9 |[0m



https://nextjs.org/docs/messa
ges/module-not-found


    at <unknown> (./Jaxtina L
MS/src/app/(teacher)/courses/
new/page.tsx:6:1)
    at <unknown> (https://nex
tjs.org/docs/messages/module-
not-found)
